// Jest Snapshot v1, https://goo.gl/fbAQLP

exports[`should render expense list item 1`] = `
<div>
  <Link
    replace={false}
    to="/edit/1"
  >
    Expense List Item: 
  </Link>
  <p>
    Gum 
     amount: $2.00 created at: January 1st, 1970
  </p>
</div>
`;
